sudo apt-get update
sudo apt-get install git
git -version
git --version
git apt-get git install
git apt_get git install
clear
sudo apt-get install git
sudo apt-get update
git --version
git config --global usr.name "manjunath"
git config --global user.email "manjunathk165.kmr@gmail.com"
mkdir parent
git init
git status
touch test
git add test
git add .
git status
git add -n "test will modify"
git status
git add test
git add .
git status
git commit "test willmodify"
git commit "test will be modify"
git commit "test1 will be commited"
git checkout test1
git rm --cached test 
git rm --cached test "test will not committed"
git rm --cached test1..."tets will not be commited"
git rm --cached test1..."test1 will not be commited"
git -h
git commit -n "test will modify"
git commit "test1 will be commited"
git diff
clear
git config --global user.name "manjunath"
git config --global user.email "manjunathk165.kmr@gmail.com"
mkdir parent
mkdir home
mkdir myproject
cd myproject
git init
sudo apt-get install git
sudo apt-get update
git --version
sudo apt-get install git
sudo apt-get update
git --version
git config --global user.name "manjunath"
git config --global user.email "manjunathk165.kmr@gmail.com"
mkdir myproject1
cd .
git init
touch test
git add test "new file is added"
git add -n test
git status
git add test
git status
sudo apt-get install git
sudo apt-get update
git --version
git config --global user.name "manjunath"
git config --global user.email "manjunathk165.kmr@gmail.com"
mkdir mydemo
cd .
git init
touch test5
git add test5
git status
git add -n "test will be modified"
sudo apt-get install git
sudo apt-get update
git --version
git config --global user.name "manjunath reddy"
git config --global user.email "manjunathk166.kmr@gmail.com"
mkdir myjava
cd .
cd myjava
git init
touch hello
git add hello
git status
git commit -n "hello i am fine"
git status
touch hello test4
git add test4
git status
git rm --cached test4 "test4 will be committed"
git rm --cached myjava "java will be modified"gitdiff
git status
git commit test4 "add first file to local repository"
git diff
ls
sudo rm -rf myproject
ls
clear
git clone https://github.com/manju9945290649/myproject.git
cd myproject
ls
git init
touch abc.txt
touch abcd.txt
touch abcde.txt
touch abcdef.txt
git status
git add .
git status
git remote set-url origin https://github.com/manju9945290649/myproject.git
git commit -m "First commit"
git push -u origin master
ubuntu@ip-172-31-19-102:~$ git clone https://github.com/manju9945290649/myproject.git
Cloning into 'myproject'...
remote: Enumerating objects: 3, done.
remote: Counting objects: 100% (3/3), done.
remote: Total 3 (delta 0), reused 0 (delta 0), pack-reused 0
Unpacking objects: 100% (3/3), done.
ubuntu@ip-172-31-19-102:~$ cd myproject
ubuntu@ip-172-31-19-102:~/myproject$ ls
README.md
ubuntu@ip-172-31-19-102:~/myproject$ git init
Reinitialized existing Git repository in /home/ubuntu/myproject/.git/
ubuntu@ip-172-31-19-102:~/myproject$ touch abc.txt
ubuntu@ip-172-31-19-102:~/myproject$ touch abcd.txt
ubuntu@ip-172-31-19-102:~/myproject$ touch abcde.txt
ubuntu@ip-172-31-19-102:~/myproject$ touch abcdef.txt
ubuntu@ip-172-31-19-102:~/myproject$ git status
On branch master
Your branch is up to date with 'origin/master'.
Untracked files:
nothing added to commit but untracked files present (use "git add" to track)
ubuntu@ip-172-31-19-102:~/myproject$ git add .
ubuntu@ip-172-31-19-102:~/myproject$ git status
On branch master
Your branch is up to date with 'origin/master'.
Changes to be committed:
ubuntu@ip-172-31-19-102:~/myproject$ git remote set-url origin https://github.com/manju9945290649/myproject.git
ubuntu@ip-172-31-19-102:~/myproject$ git commit -m "First commit"
[master 235d187] First commit
ubuntu@ip-172-31-19-102:~/myproject$ git push -u origin master
Username for 'https://github.com': manju9945290649
Password for 'https://manju9945290649@github.com':
remote: Invalid username or password.
fatal: Authentication failed for 'https://github.com/manju9945290649/myproject.git/'
ubuntu@ip-172-31-19-102:~/myproject$ git push -u origin master
Username for 'https://github.com': manju9945290649
Password for 'https://manju9945290649@github.com':
Counting objects: 3, done.
Compressing objects: 100% (2/2), done.
Writing objects: 100% (3/3), 292 bytes | 292.00 KiB/s, done.
Total 3 (delta 0), reused 0 (delta 0)
To https://github.com/manju9945290649/myproject.git
Branch 'master' set up to track remote branch 'master' from 'origin'.
ubuntu@ip-172-31-19-102:~/myproject$
ls
cd myjava
ls
ls -a
git status
git commit -m "hello"
git remote set-url origin https://github.com/manju9945290649/myproject.git
git remote add origin https://github.com/manju9945290649/myproject.git
git pull https://github.com/manju9945290649/myproject.git
git status
git push -u origin master
git pull origin master
git push -u origin master
git remove -v
git remote -v
git status
ls
git pull origin master
cd ../myproject
ls
sudo cp -r abc.txt /home/ubuntu/myjava/
sudo cp -r abcd.txt /home/ubuntu/myjava/
sudo cp -r abcde.txt /home/ubuntu/myjava/
sudo cp -r abcdef.txt /home/ubuntu/myjava/
sudo cp -r README.md /home/ubuntu/myjava/
cd ../myjava
ls
git status
git add .
git commit -m "Second Commit"
git push -u origin master
git pull origin master
sudo apt-get install git
sudo apt-get update
git --version
git config --global user.name "manjunath"
git config --global user.email "manjunathk165.kmr@gmail.com"
mkdir mydevops
cd .
git init
git status
git add .
git add mydevops
touch demo
git add .
git status
git commit -m "demo is added"
git diff
clear
git commit -a -m "demo file is modified"
git rm -f test
git status
gedit .gitignore test1
sudo apt install gedit
gedit.gitignore test1
git log
git commit -amend
git commit -a
git commit -amend
git commit --amend
git --amend
git commit --amend
sudo apt-get install git
touch demo1
clear
sudo apt-get install git
git init
touch demo2
touch demo3
touch demo4
git status
git add .
git status
git remote add origin git remote add origin https://github.com/manju9945290649/mydevops.git
git push -u origin master 
manju9945290649
git commit -amend
git commit --amend
git push origin
git push --set-upstream origin master
clear
git clone git remote add origin https://github.com/manju9945290649/mydevops.git
git init
touch demo6
touch demo7
touch demo8
touch demo9
git status
git add.
git status
git add .
git status
git commit set-url origin https://github.com/manju9945290649/mydevops.git
git log
git show HEAD
git --version
ls
cd mydevops/

git status
git remote -v
git remote add origin https://github.com/manju9945290649/mydevops.git
git remote -v
git commit -m "this is the firt push"
git pull origin master
git pull origin
git push origin master
git pull origin master
git status
git add .
git status
is -on
ls -n
ls -all
touch sample.txt
git status
git add .
ls
sudo nano samole.txt
git status
git commit -m "new file is added"
git status
git push origin master
pwd
git push origin master
git --version
touch oracle1
touch oracle 2
touch oracle 3
git add .
git status
mkdir myoracle
cd .
git commit "new file is added"
git commit -m "files are added"
git remote add origin 
git push origin master
